#-----------------------------------------------------------
# Webtalk v2021.1 (64-bit)
# SW Build 3247384 on Thu Jun 10 19:36:33 MDT 2021
# IP Build 3246043 on Fri Jun 11 00:30:35 MDT 2021
# Start of session at: Tue Nov 28 19:17:51 2023
# Process ID: 35760
# Current directory: c:/users/johnn/documents/school/reconfig/convolution/convolution.tmp/dram_test_v1_0_project/dram_test_v1_0_project.sim/sim_1/behav/xsim
# Command line: wbtcv.exe -mode batch -source c:/users/johnn/documents/school/reconfig/convolution/convolution.tmp/dram_test_v1_0_project/dram_test_v1_0_project.sim/sim_1/behav/xsim/xsim.dir/wrapper_tb_behav/webtalk/xsim_webtalk.tcl -notrace
# Log file: c:/users/johnn/documents/school/reconfig/convolution/convolution.tmp/dram_test_v1_0_project/dram_test_v1_0_project.sim/sim_1/behav/xsim/webtalk.log
# Journal file: c:/users/johnn/documents/school/reconfig/convolution/convolution.tmp/dram_test_v1_0_project/dram_test_v1_0_project.sim/sim_1/behav/xsim\webtalk.jou
#-----------------------------------------------------------
source c:/users/johnn/documents/school/reconfig/convolution/convolution.tmp/dram_test_v1_0_project/dram_test_v1_0_project.sim/sim_1/behav/xsim/xsim.dir/wrapper_tb_behav/webtalk/xsim_webtalk.tcl -notrace
